
> my-app@0.0.0 build
> tsc -b && vite build

src/pages/Members.tsx(62,15): error TS2322: Type '{ id: string; name: string; platform: "GHANA" | "DIASPORA"; region: string; constituency: string; country: string; profession: string; avatar: string | null; }[]' is not assignable to type 'Member[]'.
  Property 'status' is missing in type '{ id: string; name: string; platform: "GHANA" | "DIASPORA"; region: string; constituency: string; country: string; profession: string; avatar: string | null; }' but required in type 'Member'.
src/pages/Members.tsx(279,23): error TS2322: Type 'Dispatch<SetStateAction<Member | null>>' is not assignable to type '(member: Member) => void'.
  Types of parameters 'value' and 'member' are incompatible.
    Type 'Member' is not assignable to type 'SetStateAction<Member | null>'.
      Type 'Member' is not assignable to type 'Member'. Two different types with this name exist, but they are unrelated.
        Types of property 'status' are incompatible.
          Type 'string | undefined' is not assignable to type 'string'.
            Type 'undefined' is not assignable to type 'string'.
